// Jest Snapshot v1, https://goo.gl/fbAQLP

exports[`Components: ActionList ActionListText renders 1`] = `
<div
  className="col-md-12 col-lg-10 doc-body"
>
  <ExperimentalComponentAlert />
  <p
    className="lead"
  >
    Action lists...
  </p>
  <Overview />
  <Anchorpoints />
</div>
`;

exports[`Components: ActionList Overview renders 1`] = `
<Fragment>
  <h2
    id="overview"
  >
    Overview
  </h2>
  <p>
    Action lists.
  </p>
  <ComponentPreview
    codeFigure={true}
    language="html"
    showCasePanel={true}
  >
    <div
      className="action-list"
    >
      

      <Icon
        icon="more_vert"
      />
      

      <div
        className="action-menu"
      >
        

        <a
          href="#"
          onClick={[Function]}
        >
          <Icon
            icon="bookmark"
          />
          Add bookmark
        </a>
        

        <a
          href="#"
          onClick={[Function]}
        >
          <Icon
            icon="business_center"
          />
          Add client
        </a>
        

        <a
          href="#"
          onClick={[Function]}
        >
          <Icon
            icon="add_circle"
          />
          Add document
        </a>
        

        <a
          href="#"
          onClick={[Function]}
        >
          <Icon
            icon="person_add"
          />
          Add user
        </a>
        

      </div>
    </div>
  </ComponentPreview>
</Fragment>
`;

exports[`Components: ActionList renders 1`] = `
<div
  className="doc-container"
>
  <div
    className="row"
  >
    <ActionListText />
    <DocToc
      component={[Function]}
    />
  </div>
</div>
`;
