// Jest Snapshot v1, https://goo.gl/fbAQLP

exports[`Documentation: index renders 1`] = `
<div
  className="documentation"
>
  <div
    className="row"
  >
    <div
      className="sidebar-heading col-md-3 col-sm-12"
    >
      <h1>
        DesignGuide
      </h1>
    </div>
    <div
      className="view-heading col-md-9 col-sm-12"
    >
      <withRouter(DocHeading) />
    </div>
  </div>
  <div
    className="row"
  >
    <withRouter(SelectPanel) />
    <main
      className="doc-view col-md-9 col-sm-12"
    >
      <Switch>
        <Route
          exact={true}
          path="/docs"
          render={[Function]}
        />
        <RenderRoutes
          key="0"
          path="/docs/getting-started"
          redirect="/docs/getting-started/introduction"
          routes={
            Array [
              Object {
                "component": Object {
                  "default": [Function],
                },
                "path": "/docs/getting-started/introduction",
                "title": "Introduction",
              },
              Object {
                "component": Object {
                  "AddComponentToRoutes": [Function],
                  "AddingJavaScript": [Function],
                  "AddingStyles": [Function],
                  "ContributingText": [Function],
                  "CreateADocumentationPage": [Function],
                  "CreatingYourComponent": [Function],
                  "default": [Function],
                },
                "path": "/docs/getting-started/contributing",
                "title": "Contributing",
              },
              Object {
                "component": Object {
                  "default": [Function],
                },
                "path": "/docs/getting-started/browser-support",
                "title": "Browser Support",
              },
            ]
          }
          title="Getting Started"
        />
        <RenderRoutes
          key="1"
          path="/docs/core"
          redirect="/docs/core/color"
          routes={
            Array [
              Object {
                "component": Object {
                  "ColorPalette": [Function],
                  "ColorText": [Function],
                  "Usage": [Function],
                  "default": [Function],
                },
                "path": "/docs/core/color",
                "title": "Color",
              },
              Object {
                "component": Object {
                  "BasicList": [Function],
                  "DescriptionList": [Function],
                  "InlineList": [Function],
                  "ListsText": [Function],
                  "SettingsList": [Function],
                  "default": [Function],
                },
                "path": "/docs/core/lists",
                "title": "Lists",
              },
              Object {
                "component": Object {
                  "BasicTable": [Function],
                  "DescriptionTable": [Function],
                  "HoverStripedTable": [Function],
                  "HoverTable": [Function],
                  "StripedTable": [Function],
                  "TablesText": [Function],
                  "default": [Function],
                },
                "path": "/docs/core/tables",
                "title": "Tables",
              },
              Object {
                "component": Object {
                  "Abbreviations": [Function],
                  "Blockquotes": [Function],
                  "Fonts": [Function],
                  "Headings": [Function],
                  "Inline": [Function],
                  "Lead": [Function],
                  "Small": [Function],
                  "TextUtilities": [Function],
                  "TypographyText": [Function],
                  "default": [Function],
                },
                "path": "/docs/core/typography",
                "title": "Typography",
              },
            ]
          }
          title="Core"
        />
        <RenderRoutes
          key="2"
          path="/docs/components"
          redirect="/docs/components/alerts"
          routes={
            Array [
              Object {
                "component": Object {
                  "AlertWithIcon": [Function],
                  "AlertWithLink": [Function],
                  "AlertsText": [Function],
                  "BasicUsage": [Function],
                  "ClosingTheAlert": [Function],
                  "ExtendedUsage": [Function],
                  "UsageWithJavascript": [Function],
                  "default": [Function],
                },
                "path": "/docs/components/alerts",
                "title": "Alerts",
              },
              Object {
                "component": Object {
                  "BasicBreadCrumb": [Function],
                  "BreadcrumbText": [Function],
                  "DisabledBreadcrumb": [Function],
                  "SmallBreadCrumb": [Function],
                  "default": [Function],
                },
                "path": "/docs/components/breadcrumb",
                "title": "Breadcrumb",
              },
              Object {
                "component": Object {
                  "ActiveState": [Function],
                  "ButtonLoader": [Function],
                  "ButtonsText": [Function],
                  "DisabledState": [Function],
                  "Examples": [Function],
                  "OutlineButtons": [Function],
                  "Sizes": [Function],
                  "UsageWithIcons": [Function],
                  "UsageWithJavascript": [Function],
                  "UsageWithOtherTags": [Function],
                  "default": [Function],
                },
                "path": "/docs/components/buttons",
                "title": "Buttons",
              },
              Object {
                "component": Object {
                  "CustomFormat": [Function],
                  "DateRange": [Function],
                  "DatepickersText": [Function],
                  "IncludeTime": [Function],
                  "InitialValue": [Function],
                  "Options": [Function],
                  "Required": [Function],
                  "ShowingMultipleMonths": [Function],
                  "SimpleDatepicker": [Function],
                  "default": [Function],
                },
                "path": "/docs/components/datepickers",
                "title": "Datepickers",
              },
              Object {
                "component": Object {
                  "Checkboxes": [Function],
                  "DisabledCheckboxes": [Function],
                  "DisabledRadioButtons": [Function],
                  "DisabledToggleboxes": [Function],
                  "FormGrid": [Function],
                  "FormsText": [Function],
                  "Overview": [Function],
                  "RadioButtons": [Function],
                  "RangeSlider": [Function],
                  "StaticText": [Function],
                  "Toggleboxes": [Function],
                  "UsageWithFieldsets": [Function],
                  "Validation": [Function],
                  "default": [Function],
                },
                "path": "/docs/components/forms",
                "title": "Forms",
              },
              Object {
                "component": Object {
                  "BasicExample": [Function],
                  "ButtonAddons": [Function],
                  "CheckboxesAndRadios": [Function],
                  "Disabled": [Function],
                  "InputGroupText": [Function],
                  "ValidationStates": [Function],
                  "WithFeedbackIcon": [Function],
                  "WithSelect": [Function],
                  "default": [Function],
                },
                "path": "/docs/components/input-group",
                "title": "Input Group",
              },
              Object {
                "component": Object {
                  "BasicUsage": [Function],
                  "LoadersText": [Function],
                  "MutedLoader": [Function],
                  "Sizes": [Function],
                  "StaticHtml": [Function],
                  "UsageWithJavascript": [Function],
                  "default": [Function],
                },
                "path": "/docs/components/loaders",
                "title": "Loaders",
              },
              Object {
                "component": Object {
                  "Demo": [Function],
                  "ModalText": [Function],
                  "Usage": [Function],
                  "default": [Function],
                },
                "path": "/docs/components/modal",
                "title": "Modal",
              },
              Object {
                "component": Object {
                  "DefaultPagination": [Function],
                  "PaginationBullets": [Function],
                  "PaginationText": [Function],
                  "SimplePagination": [Function],
                  "default": [Function],
                },
                "path": "/docs/components/pagination",
                "title": "Pagination",
              },
              Object {
                "component": Object {
                  "DarkMode": [Function],
                  "Overview": [Function],
                  "PanelHeaders": [Function],
                  "PanelMuted": [Function],
                  "PanelText": [Function],
                  "default": [Function],
                },
                "path": "/docs/components/panel",
                "title": "Panel",
              },
              Object {
                "component": Object {
                  "ExtendedUsage": [Function],
                  "Overview": [Function],
                  "StatusText": [Function],
                  "default": [Function],
                },
                "path": "/docs/components/status",
                "title": "Status",
              },
              Object {
                "component": Object {
                  "Overview": [Function],
                  "TabsText": [Function],
                  "default": [Function],
                },
                "path": "/docs/components/tabs",
                "title": "Tabs",
              },
            ]
          }
          title="Components"
        />
        <RenderRoutes
          key="3"
          path="/docs/utilities"
          redirect="/docs/getting-started/introduction"
          routes={Array []}
          title="Utilities"
        />
        <Redirect
          from="/docs/*"
          push={false}
          to="/404"
        />
      </Switch>
    </main>
  </div>
</div>
`;
