// Jest Snapshot v1, https://goo.gl/fbAQLP

exports[`App utils: LoadingComponent renders 1`] = `
<div
  id="loading-component"
>
  <Loader
    muted={true}
    size="large"
  />
  <span
    className="loading-text text-muted"
  >
    Loading...
  </span>
</div>
`;
