// Jest Snapshot v1, https://goo.gl/fbAQLP

exports[`Examples: index renders 1`] = `
<div
  className="container"
>
  <div
    className="row justify-content-center"
  >
    <div
      className="col-md-8 col-xxl-6"
    >
      <section
        className="panel panel-default"
      >
        <div
          className="panel-body"
        >
          <h2>
            Example pages
          </h2>
          <ul
            className="list"
          >
            <li>
              <span>
                <a
                  href="https://examples.design.payex.com/login/"
                  rel="noopener noreferrer"
                  target="_blank"
                >
                  Login page
                </a>
              </span>
            </li>
            <li>
              <span>
                <a
                  href="https://examples.design.payex.com/signup/"
                  rel="noopener noreferrer"
                  target="_blank"
                >
                  Signup
                </a>
              </span>
            </li>
            <li>
              <span>
                <a
                  href="https://examples.design.payex.com/error-page/404/"
                  rel="noopener noreferrer"
                  target="_blank"
                >
                  404 page
                </a>
              </span>
            </li>
            <li>
              <span>
                <a
                  href="https://examples.design.payex.com/error-page/500/"
                  rel="noopener noreferrer"
                  target="_blank"
                >
                  500 page
                </a>
              </span>
            </li>
          </ul>
        </div>
      </section>
    </div>
  </div>
</div>
`;
