// Jest Snapshot v1, https://goo.gl/fbAQLP

exports[`Components: Topbar DeprecatedAlert renders 1`] = `
<Alert
  type="danger"
>
  <h3>
    Component contains deprecated parts
  </h3>
  <p>
    The following parts are deprecated and will be removed:
  </p>
  <ul>
    <li>
      Right nav
    </li>
    <li>
      Levels in left nav
    </li>
  </ul>
  <p>
    For continued support, please follow the examples in the documentation.
  </p>
</Alert>
`;

exports[`Components: Topbar FixedTopbar renders 1`] = `
<Fragment>
  <h2
    id="fixed-topbar"
  >
    Fixed topbar
  </h2>
  <p>
    Add 
    <Property
      value=".topbar-fixed"
    />
     with your 
    <Property
      value=".topbar"
    />
     to get a fixed topbar. For a demonstration of the usage see the documentations top bar or implement it in your own project!
  </p>
  <ComponentPreview
    codeFigure={true}
    language="html"
  >
    <Topbar
      fixed={true}
    />
  </ComponentPreview>
</Fragment>
`;

exports[`Components: Topbar Overview renders 1`] = `
<Fragment>
  <h2
    id="overview"
  >
    Overview
  </h2>
  <p>
    To use a topbar the bare minimum markup required is:
  </p>
  <ul>
    <li>
      <Property
        value=".topbar"
      />
       wrapper.
    </li>
    <li>
      Anchor with class 
      <Property
        value=".topbar-logo"
      />
       to display the logo and make it clickable.
    </li>
  </ul>
  <p>
    With this you get a topbar with the PayEx logo. In the topbar you can add additional functionality like a menu containing links. To enable this add a 
    <PrismCode
      className="language-html"
      component="code"
    >
      &lt;button&gt;
    </PrismCode>
     and a 
    <PrismCode
      className="language-html"
      component="code"
    >
      &lt;nav&gt;
    </PrismCode>
     containing anchors. Remember to include 
    <Attribute
      data={true}
      name="toggle-nav"
      value="{your_nav_id}"
    />
     as a 
    <PrismCode
      className="language-html"
      component="code"
    >
      &lt;button&gt;
    </PrismCode>
     attribute to get the menu to appear when the menu-button is clicked.
  </p>
  <ComponentPreview
    codeFigure={true}
    language="html"
    showCasePanel={true}
  >
    <Topbar
      topbarContent={
        Object {
          "btnLeft": Object {
            "icon": "menu",
            "text": "Menu",
          },
          "btnRight": Object {
            "icon": "exit_to_app",
            "text": "Log out",
          },
          "id": "topbar-nav",
          "items": Array [
            Object {
              "href": "#",
              "title": "Link 1",
            },
            Object {
              "href": "#",
              "title": "Link 2",
            },
            Object {
              "href": "#",
              "title": "Link 3",
            },
          ],
        }
      }
    />
  </ComponentPreview>
</Fragment>
`;

exports[`Components: Topbar TopbarText renders 1`] = `
<div
  className="col-lg-10 doc-body"
>
  <DeprecatedAlert />
  <p
    className="lead"
  >
    Topbar...
  </p>
  <Overview />
  <FixedTopbar />
</div>
`;

exports[`Components: Topbar renders 1`] = `
<div
  className="doc-container"
>
  <div
    className="row"
  >
    <TopbarText />
    <DocToc
      component={[Function]}
    />
  </div>
</div>
`;
