// Jest Snapshot v1, https://goo.gl/fbAQLP

exports[`Main: App renders 1`] = `
<div
  id="px-designguide"
>
  <BrowserRouter
    basename="/TEST"
  >
    <withRouter(ScrollToTop)>
      <withRouter(AppHeader) />
      <Switch>
        <Route
          exact={true}
          key="component_0"
          path="/"
          render={[Function]}
        />
        <Route
          exact={false}
          key="component_1"
          path="/docs"
          render={[Function]}
        />
        <Route
          component={[Function]}
        />
      </Switch>
    </withRouter(ScrollToTop)>
  </BrowserRouter>
</div>
`;
