// Jest Snapshot v1, https://goo.gl/fbAQLP

exports[`Home: index renders 1`] = `
<div
  className="container fp-container pt-3 pb-3"
>
  <div
    className="alert alert-warning"
  >
    <header
      className="alert-header"
    >
      <i
        className="material-icons alert-icon"
      >
        warning
      </i>
      <h3>
        Site under development
      </h3>
    </header>
    <div
      className="alert-body"
    >
      <p>
        The Design Guide is under active development and is subject to change.
      </p>
    </div>
  </div>
  <div
    className="row"
  >
    <div
      className="col-12 col-md-4 pt-3 pt-md-0 d-flex"
    >
      <div
        className="card card-plain"
      >
        <div
          className="card-body text-center d-flex flex-column"
        >
          <div
            className="doc-circle"
          >
            <i
              className="material-icons material-icons-large text-white"
            >
              desktop_windows
            </i>
          </div>
          <h2>
            Placeholder
          </h2>
          <p>
            This paragraph contains some text.
          </p>
          <Link
            className="btn btn-outline-guiding btn-block mt-auto"
            to="/docs/getting-started/introduction"
          >
            Placeholder link
          </Link>
        </div>
      </div>
    </div>
    <div
      className="col-12 col-md-4 pt-3 pt-md-0 d-flex"
    >
      <div
        className="card card-plain"
      >
        <div
          className="card-body text-center d-flex flex-column"
        >
          <div
            className="doc-circle"
          >
            <i
              className="material-icons material-icons-large text-white"
            >
              desktop_windows
            </i>
          </div>
          <h2>
            Web
          </h2>
          <p>
            User interface components for websites and web applications
          </p>
          <Link
            className="btn btn-outline-guiding btn-block mt-auto"
            to="/docs/getting-started/introduction"
          >
            Documentation
          </Link>
        </div>
      </div>
    </div>
    <div
      className="col-12 col-md-4 pt-3 pt-md-0 d-flex"
    >
      <div
        className="card card-plain"
      >
        <div
          className="card-body text-center d-flex flex-column"
        >
          <div
            className="doc-circle"
          >
            <i
              className="material-icons material-icons-large text-white"
            >
              desktop_windows
            </i>
          </div>
          <h2>
            Placeholder
          </h2>
          <p>
            This paragraph contains some text.
          </p>
          <Link
            className="btn btn-outline-guiding btn-block mt-auto"
            to="/docs/getting-started/introduction"
          >
            Placeholder link
          </Link>
        </div>
      </div>
    </div>
  </div>
</div>
`;
