// Jest Snapshot v1, https://goo.gl/fbAQLP

exports[`Component: ColorPreview renders 1`] = `
<figure>
  <svg
    className={null}
  >
    <rect
      fill="#test"
      height="100%"
      width="100%"
    />
  </svg>
  <figcaption>
    test
    <br />
    <small>
      Hex color code: 
      #test
    </small>
  </figcaption>
</figure>
`;
