// Jest Snapshot v1, https://goo.gl/fbAQLP

exports[`GettingStarted: JavascriptDocs AboutInit renders 1`] = `
<Fragment>
  <h2
    id="about-init"
  >
    When to initialize
  </h2>
  <p>
    Our script runs 
    <PxScript
      component="script"
      func="initAll"
    />
     on DOMContentLoaded. Making it so you have to run 
    <PxScript
      component="{component_name}"
      func="init"
    />
     manually when that component is rendered.
  </p>
  <h3>
    Manual initializing
  </h3>
  <p>
    To initialize components use 
    <PxScript
      component="{component_name}"
      func="init"
      params={
        Array [
          "\\"test-2\\"",
          "test-3",
        ]
      }
    />
    . If the function is called without arguments it will target all components with class 
    <Property
      value="{component_name}"
    />
     on the page. Initializing only a select few can be done by sending one or more ids as an argument. The init function accepts both a single string or an array of strings. These strings need to match an existing component id and will print warning messages if an argument is invalid.
  </p>
  <ComponentPreview
    codeFigure={true}
    language="javascript"
  >
    px.component.init();

    px.component.init("demo-component");

    px.component.init(["demo-component"]);

    px.component.init(["demo-component-1", .. "demo-component-x"]);

  </ComponentPreview>
  <Alert
    type="warning"
  >
    Additional functions may be available for some components. Read about them on the components documentation page.
  </Alert>
</Fragment>
`;

exports[`GettingStarted: JavascriptDocs renders 1`] = `
<DocContainer
  docToc={true}
>
  <p
    className="lead"
  >
    How to utilize our 
    <Property
      value="px.{component_name}.init()"
    />
     function.
  </p>
  <AboutInit />
</DocContainer>
`;
