// Jest Snapshot v1, https://goo.gl/fbAQLP

exports[`Utilities: RenderRoutes renders a basic route structure 1`] = `
<MemoryRouter>
  <Router
    history={
      Object {
        "action": "POP",
        "block": [Function],
        "canGo": [Function],
        "createHref": [Function],
        "entries": Array [
          Object {
            "hash": "",
            "key": "z8r0xy",
            "pathname": "/",
            "search": "",
            "state": undefined,
          },
        ],
        "go": [Function],
        "goBack": [Function],
        "goForward": [Function],
        "index": 0,
        "length": 1,
        "listen": [Function],
        "location": Object {
          "hash": "",
          "key": "z8r0xy",
          "pathname": "/",
          "search": "",
          "state": undefined,
        },
        "push": [Function],
        "replace": [Function],
      }
    }
  >
    <RenderRoutes
      path="test"
      redirect="test"
      routes={
        Array [
          Object {
            "component": Object {
              "default": "test-2",
            },
            "path": "test-2",
          },
        ]
      }
    >
      <Switch />
    </RenderRoutes>
  </Router>
</MemoryRouter>
`;
