// Jest Snapshot v1, https://goo.gl/fbAQLP

exports[`GettingStarted: Introduction renders 1`] = `
<div
  className="doc-container"
>
  <div
    className="row"
  >
    <div
      className="col-md-12"
    >
      <p
        className="lead"
      >
        Get started with the PayEx DesignGuide...
      </p>
    </div>
  </div>
</div>
`;
