// Jest Snapshot v1, https://goo.gl/fbAQLP

exports[`Documentation: Sheet Example onClick prevents default 1`] = `
<Fragment>
  <h2
    id="example"
  >
    Example
  </h2>
  <p>
    Example sheet...
  </p>
  <ComponentPreview
    codeFigure={true}
    language="html"
    showCasePanel={true}
  >
    <div
      className="sheet"
      id="demo-sheet"
    >
      <section>
        

        <a
          className="sheet-close"
          href="#"
        >
          
			
          <Icon
            icon="close"
          />
          
		
        </a>
        <h2>
          Sheet component
        </h2>
        <p>
          This is the sheet component. It can contain anything you want.
        </p>
        <p>
          It can also contain lots of useless text, just like the text in this paragraph. Or it can contain useful info and cheats. For example if you have a math quiz coming up;
        </p>
        <ul
          className="list"
        >
          <li>
            <code>
              3 + 8 = 11
            </code>
          </li>
          <li>
            <code>
              36 - 22 = 14
            </code>
          </li>
          <li>
            <code>
              256 + 113 = 369
            </code>
          </li>
          <li>
            <code>
              356 - 1 = 355
            </code>
          </li>
        </ul>
        <hr />
        <form
          onSubmit={[Function]}
        >
          <div
            className="form-group"
          >
            <label
              htmlFor="full-name"
            >
              Full name
            </label>
            <div
              className="input-group"
            >
              <input
                className="form-control"
                id="full-name"
                placeholder="Enter your full name"
                type="text"
              />
            </div>
            <div
              className="help-block"
            >
              Your full name
            </div>
          </div>
          <div
            className="form-group"
          >
            <label
              htmlFor="email-address"
            >
              Email
            </label>
            <div
              className="input-group"
            >
              <input
                className="form-control"
                id="email-address"
                placeholder="Enter your email"
                type="text"
              />
            </div>
            <div
              className="help-block"
            >
              Email means electronic mail, not express mail
            </div>
          </div>
          <div
            className="form-group"
          >
            <div
              className="checkbox"
            >
              <input
                id="subscribe-checkbox"
                type="checkbox"
              />
              <label
                htmlFor="subscribe-checkbox"
              >
                Sign up to our math newsletter
              </label>
            </div>
          </div>
          <button
            className="btn btn-primary"
            onClick={[Function]}
            type="submit"
          >
            Submit
          </button>
        </form>
      </section>
    </div>
    

    <button
      className="btn btn-primary"
      data-sheet-open="demo-sheet"
      type="button"
    >
      Open sheet
    </button>
  </ComponentPreview>
</Fragment>
`;

exports[`Documentation: Sheet Example onSubmit prevents default 1`] = `
<Fragment>
  <h2
    id="example"
  >
    Example
  </h2>
  <p>
    Example sheet...
  </p>
  <ComponentPreview
    codeFigure={true}
    language="html"
    showCasePanel={true}
  >
    <div
      className="sheet"
      id="demo-sheet"
    >
      <section>
        

        <a
          className="sheet-close"
          href="#"
        >
          
			
          <Icon
            icon="close"
          />
          
		
        </a>
        <h2>
          Sheet component
        </h2>
        <p>
          This is the sheet component. It can contain anything you want.
        </p>
        <p>
          It can also contain lots of useless text, just like the text in this paragraph. Or it can contain useful info and cheats. For example if you have a math quiz coming up;
        </p>
        <ul
          className="list"
        >
          <li>
            <code>
              3 + 8 = 11
            </code>
          </li>
          <li>
            <code>
              36 - 22 = 14
            </code>
          </li>
          <li>
            <code>
              256 + 113 = 369
            </code>
          </li>
          <li>
            <code>
              356 - 1 = 355
            </code>
          </li>
        </ul>
        <hr />
        <form
          onSubmit={[Function]}
        >
          <div
            className="form-group"
          >
            <label
              htmlFor="full-name"
            >
              Full name
            </label>
            <div
              className="input-group"
            >
              <input
                className="form-control"
                id="full-name"
                placeholder="Enter your full name"
                type="text"
              />
            </div>
            <div
              className="help-block"
            >
              Your full name
            </div>
          </div>
          <div
            className="form-group"
          >
            <label
              htmlFor="email-address"
            >
              Email
            </label>
            <div
              className="input-group"
            >
              <input
                className="form-control"
                id="email-address"
                placeholder="Enter your email"
                type="text"
              />
            </div>
            <div
              className="help-block"
            >
              Email means electronic mail, not express mail
            </div>
          </div>
          <div
            className="form-group"
          >
            <div
              className="checkbox"
            >
              <input
                id="subscribe-checkbox"
                type="checkbox"
              />
              <label
                htmlFor="subscribe-checkbox"
              >
                Sign up to our math newsletter
              </label>
            </div>
          </div>
          <button
            className="btn btn-primary"
            onClick={[Function]}
            type="submit"
          >
            Submit
          </button>
        </form>
      </section>
    </div>
    

    <button
      className="btn btn-primary"
      data-sheet-open="demo-sheet"
      type="button"
    >
      Open sheet
    </button>
  </ComponentPreview>
</Fragment>
`;

exports[`Documentation: Sheet Example renders 1`] = `
<Fragment>
  <h2
    id="example"
  >
    Example
  </h2>
  <p>
    Example sheet...
  </p>
  <ComponentPreview
    codeFigure={true}
    language="html"
    showCasePanel={true}
  >
    <div
      className="sheet"
      id="demo-sheet"
    >
      <section>
        

        <a
          className="sheet-close"
          href="#"
        >
          
			
          <Icon
            icon="close"
          />
          
		
        </a>
        <h2>
          Sheet component
        </h2>
        <p>
          This is the sheet component. It can contain anything you want.
        </p>
        <p>
          It can also contain lots of useless text, just like the text in this paragraph. Or it can contain useful info and cheats. For example if you have a math quiz coming up;
        </p>
        <ul
          className="list"
        >
          <li>
            <code>
              3 + 8 = 11
            </code>
          </li>
          <li>
            <code>
              36 - 22 = 14
            </code>
          </li>
          <li>
            <code>
              256 + 113 = 369
            </code>
          </li>
          <li>
            <code>
              356 - 1 = 355
            </code>
          </li>
        </ul>
        <hr />
        <form
          onSubmit={[Function]}
        >
          <div
            className="form-group"
          >
            <label
              htmlFor="full-name"
            >
              Full name
            </label>
            <div
              className="input-group"
            >
              <input
                className="form-control"
                id="full-name"
                placeholder="Enter your full name"
                type="text"
              />
            </div>
            <div
              className="help-block"
            >
              Your full name
            </div>
          </div>
          <div
            className="form-group"
          >
            <label
              htmlFor="email-address"
            >
              Email
            </label>
            <div
              className="input-group"
            >
              <input
                className="form-control"
                id="email-address"
                placeholder="Enter your email"
                type="text"
              />
            </div>
            <div
              className="help-block"
            >
              Email means electronic mail, not express mail
            </div>
          </div>
          <div
            className="form-group"
          >
            <div
              className="checkbox"
            >
              <input
                id="subscribe-checkbox"
                type="checkbox"
              />
              <label
                htmlFor="subscribe-checkbox"
              >
                Sign up to our math newsletter
              </label>
            </div>
          </div>
          <button
            className="btn btn-primary"
            onClick={[Function]}
            type="submit"
          >
            Submit
          </button>
        </form>
      </section>
    </div>
    

    <button
      className="btn btn-primary"
      data-sheet-open="demo-sheet"
      type="button"
    >
      Open sheet
    </button>
  </ComponentPreview>
</Fragment>
`;

exports[`Documentation: Sheet UsageWithJavascript renders 1`] = `
<Fragment>
  <h2
    id="usage-with-javascript"
  >
    Usage with javascript
  </h2>
  <p>
    To programmatically open a sheet, use 
    <Property
      value="px.sheet.open(\\"SHEET_ID\\")"
    />
    .
  </p>
  <p>
    To programmatically close a sheet, use 
    <Property
      value="px.sheet.close(\\"SHEET_ID\\")"
    />
    .
  </p>
</Fragment>
`;

exports[`Documentation: Sheet renders 1`] = `
<DocContainer
  docToc={true}
>
  <p
    className="lead"
  >
    Sheet...
  </p>
  <Example />
  <UsageWithJavascript />
</DocContainer>
`;
