// Jest Snapshot v1, https://goo.gl/fbAQLP

exports[`Component: Tabs -  Prop mode is required 1`] = `
<div
  className="tabs tabs-horizontal-auto"
>
  

  <i
    className="material-icons"
  >
    keyboard_arrow_right
  </i>
  <ul>
    <li
      className={null}
      key="tab-item-test-0"
    >
      

      <a
        href="#"
        onClick={[Function]}
      >
        test
      </a>
      

    </li>
    <li
      className="active"
      key="tab-item-test 2-1"
    >
      

      <a
        href="#"
        onClick={[Function]}
      >
        test 2
      </a>
      

    </li>
  </ul>
</div>
`;

exports[`Component: Tabs -  renders 1`] = `
<div
  className="tabs"
>
  

  <i
    className="material-icons"
  >
    keyboard_arrow_right
  </i>
  <ul>
    <li
      className={null}
      key="tab-item-test-0"
    >
      

      <a
        href="#"
        onClick={[Function]}
      >
        test
      </a>
      

    </li>
    <li
      className="active"
      key="tab-item-test 2-1"
    >
      

      <a
        href="#"
        onClick={[Function]}
      >
        test 2
      </a>
      

    </li>
  </ul>
</div>
`;
