// Jest Snapshot v1, https://goo.gl/fbAQLP

exports[`Documentation: StepBar Basic StepBar renders 1`] = `
<Fragment>
  <h2
    id="basic-usage"
  >
    Basic usage
  </h2>
  <p>
    Add class 
    <Property
      value=".step-bar"
    />
     to an 
    <PrismCode
      className="language-html"
      component="code"
    >
      &lt;ol&gt;
    </PrismCode>
     element.
  </p>
  <ComponentPreview
    codeFigure={true}
    language="html"
    showCasePanel={true}
  >
    <StepBar
      items={
        Array [
          Object {
            "completed": true,
            "subtitle": "24.12.17 12:10",
            "title": "Step one",
          },
          Object {
            "active": true,
            "title": "Step two",
          },
          Object {
            "title": "Step three",
          },
          Object {
            "title": "Step four",
          },
        ]
      }
    />
  </ComponentPreview>
</Fragment>
`;

exports[`Documentation: StepBar StepBar Text renders 1`] = `
<div
  className="col-12 col-lg-10 doc-body"
>
  <ExperimentalComponentAlert />
  <p
    className="lead"
  >
    Step Bar.
  </p>
  <BasicStepBar />
  <HorizontalStepBar />
</div>
`;

exports[`Documentation: StepBar renders 1`] = `
<div
  className="doc-container"
>
  <div
    className="row"
  >
    <StepBarText />
    <DocToc
      component={[Function]}
    />
  </div>
</div>
`;
